2026-08-31 18:41:18,320 - INFO - __main__ - Starting document loading...
2026-09-01 15:40:32,119 - INFO - __main__ - Starting document loading...
2026-09-01 15:40:35,259 - INFO - __main__ - Total chunks: 312
2026-09-01 18:08:53,144 - INFO - __main__ - Starting document loading...
2026-09-01 18:11:49,328 - INFO - __main__ - Starting document loading...
2026-09-01 18:11:51,334 - INFO - __main__ - Splitter created successfully
2026-09-01 18:23:17,943 - INFO - __main__ - Starting document loading...
2026-09-01 18:23:19,998 - INFO - __main__ - Total cchunks: 312
2026-09-01 18:23:55,938 - INFO - __main__ - Starting document loading...
2026-09-01 18:23:58,023 - INFO - __main__ - Total chunks: 312
2026-09-01 18:24:39,405 - INFO - __main__ - Starting document loading...
2026-09-01 18:24:42,063 - INFO - __main__ - Total chunks: 312
2026-09-01 19:16:04,392 - INFO - __main__ - Starting document loading...
2026-09-01 19:16:06,457 - INFO - __main__ - Total chunks: 312
2026-09-01 19:16:06,457 - INFO - __main__ - Chunk 1 metadata: {'source': '04_data_ingestion_document_processing\\data\\agriculture.html', 'title': 'Agriculture in Nigeria: Crops, Livestock, and Disease Management', 'file_name': 'agriculture.html', 'doc_type': 'html', 'language': 'English', 'chunk_id': 'agriculture.html_001'}
2026-09-01 19:16:06,457 - INFO - __main__ - Chunk 2 metadata: {'source': '04_data_ingestion_document_processing\\data\\agriculture.html', 'title': 'Agriculture in Nigeria: Crops, Livestock, and Disease Management', 'file_name': 'agriculture.html', 'doc_type': 'html', 'language': 'English', 'chunk_id': 'agriculture.html_002'}
2026-09-01 19:16:06,466 - INFO - __main__ - Chunk 3 metadata: {'source': '04_data_ingestion_document_processing\\data\\agriculture.html', 'title': 'Agriculture in Nigeria: Crops, Livestock, and Disease Management', 'file_name': 'agriculture.html', 'doc_type': 'html', 'language': 'English', 'chunk_id': 'agriculture.html_003'}
2026-09-01 19:35:13,766 - INFO - __main__ - Starting document loading...
2026-09-01 19:35:16,613 - INFO - __main__ - Total chunks: 312
2026-09-01 19:35:16,624 - INFO - __main__ - Total chunks: 312
2026-09-01 19:39:57,853 - INFO - __main__ - Starting document loading...
2026-09-01 19:39:59,734 - INFO - __main__ - Total chunks: 312
2026-09-01 19:39:59,744 - INFO - __main__ - Total chunks: 312
2026-09-01 19:41:11,834 - INFO - __main__ - Starting document loading...
2026-09-01 19:41:14,587 - INFO - __main__ - Total chunks: 312
2026-09-01 19:41:14,618 - INFO - __main__ - Total chunks: 312
2026-09-01 19:43:37,761 - INFO - __main__ - Starting document loading...
2026-09-01 19:43:41,369 - INFO - __main__ - Total chunks: 312
2026-09-01 19:43:41,381 - INFO - __main__ - Total chunks: 312
2026-09-01 19:44:16,134 - INFO - __main__ - Starting document loading...
2026-09-01 19:44:18,373 - INFO - __main__ - Total chunks: 312
2026-09-01 19:44:18,390 - INFO - __main__ - Total chunks: 312
